
> puzzle-kit@0.0.0 build
> tsc -b && vite build

vite v7.3.6 building client environment for production...
transforming...
✓ 2330 modules transformed.
Circular chunk: ui -> canvas -> ui. Please adjust the manual chunk logic for these chunks.
Circular chunk: ui -> panels -> ui. Please adjust the manual chunk logic for these chunks.
Circular chunk: panels -> toolbar -> panels. Please adjust the manual chunk logic for these chunks.
Circular chunk: toolbar -> dialogs -> toolbar. Please adjust the manual chunk logic for these chunks.
rendering chunks...
computing gzip size...
dist/index.html                              1.51 kB │ gzip:   0.52 kB
dist/embedded.html                           1.54 kB │ gzip:   0.53 kB
dist/assets/npgen.worker-BO4JoxLm.js        12.00 kB
dist/assets/cspuz.worker-DqQDSb9C.js        14.43 kB
dist/assets/solver.worker-OfgvjYpy.js      104.81 kB
dist/assets/npgen_bg-C8PHPDf8.wasm         133.84 kB │ gzip:  55.63 kB
dist/assets/pdf.worker.min-yatZIOMy.mjs  1,375.84 kB
dist/assets/index-D56sX8SX.css              41.34 kB │ gzip:   7.41 kB
dist/assets/index-ZjvRfaT3.js                0.71 kB │ gzip:   0.40 kB
dist/assets/embedded-S8ITAR1T.js             1.18 kB │ gzip:   0.64 kB
dist/assets/types-CqS9BQBq.js                2.40 kB │ gzip:   1.13 kB
dist/assets/icons-CvT35sOY.js                6.57 kB │ gzip:   2.49 kB
dist/assets/i18n-_1dgdBkv.js                46.68 kB │ gzip:  15.23 kB
dist/assets/dialogs-Bb0vvjdL.js             63.63 kB │ gzip:  17.61 kB
dist/assets/main-B35F4TUr.js                64.14 kB │ gzip:  17.74 kB
dist/assets/firebase-BVtbX_Fe.js            65.83 kB │ gzip:  21.97 kB
dist/assets/solver-DYR2JCPL.js              98.47 kB │ gzip:  20.96 kB
dist/assets/ui-f0LtorHY.js                 103.76 kB │ gzip:  34.72 kB
dist/assets/constraints-D7Hlp78B.js        132.82 kB │ gzip:  24.86 kB
dist/assets/panels-DSCIuRto.js             167.80 kB │ gzip:  39.06 kB
dist/assets/toolbar-x_xhwaa-.js            227.21 kB │ gzip:  55.23 kB
dist/assets/canvas-B1VIlbm_.js             294.98 kB │ gzip:  83.98 kB
dist/assets/vendor-B7b0A8gZ.js             586.49 kB │ gzip: 177.49 kB

(!) Some chunks are larger than 500 kB after minification. Consider:
- Using dynamic import() to code-split the application
- Use build.rollupOptions.output.manualChunks to improve chunking: https://rollupjs.org/configuration-options/#output-manualchunks
- Adjust chunk size limit for this warning via build.chunkSizeWarningLimit.
✓ built in 3.51s
